2026-09-06 20:14:16 | INFO | Test run started
2026-09-06 20:14:20 | INFO | Browser opened
2026-09-06 20:14:20 | INFO | Element visible: //legend[text()='Web Table Example']
2026-09-06 20:14:20 | INFO | Scrolled to element: //legend[text()='Web Table Example']
2026-09-06 20:14:20 | INFO | Got element count for xpath: //table[@id='product' and @name='courses']/tbody/tr -> 11
2026-09-06 20:14:20 | INFO | Constructed CSV path: ./first_playwright_code/test_data/csv_files/web_table_data_1788705860.csv
2026-09-06 20:14:20 | INFO | Page fully loaded after 1 attempts.
2026-09-06 20:14:20 | INFO | Element visible: //table[@id='product' and @name='courses']/tbody/tr[1]/th[1]
2026-09-06 20:14:20 | INFO | Mouse over on element: //table[@id='product' and @name='courses']/tbody/tr[1]/th[1]
2026-09-06 20:14:20 | INFO | Element visible: //table[@id='product' and @name='courses']/tbody/tr[1]/th[1]
2026-09-06 20:14:20 | INFO | Element visible: //table[@id='product' and @name='courses']/tbody/tr[1]/th[1]
2026-09-06 20:14:20 | INFO | Mouse over on element: //table[@id='product' and @name='courses']/tbody/tr[1]/th[1]
2026-09-06 20:14:20 | INFO | Got text for element: //table[@id='product' and @name='courses']/tbody/tr[1]/th[1] -> Instructor
2026-09-06 20:14:20 | INFO | Got text from element after ensuring it was fully loaded: //table[@id='product' and @name='courses']/tbody/tr[1]/th[1] -> Instructor
2026-09-06 20:14:20 | INFO | Page fully loaded after 1 attempts.
2026-09-06 20:14:20 | INFO | Element visible: //table[@id='product' and @name='courses']/tbody/tr[1]/th[2]
2026-09-06 20:14:20 | INFO | Mouse over on element: //table[@id='product' and @name='courses']/tbody/tr[1]/th[2]
2026-09-06 20:14:20 | INFO | Element visible: //table[@id='product' and @name='courses']/tbody/tr[1]/th[2]
2026-09-06 20:14:20 | INFO | Element visible: //table[@id='product' and @name='courses']/tbody/tr[1]/th[2]
2026-09-06 20:14:20 | INFO | Mouse over on element: //table[@id='product' and @name='courses']/tbody/tr[1]/th[2]
2026-09-06 20:14:20 | INFO | Got text for element: //table[@id='product' and @name='courses']/tbody/tr[1]/th[2] -> Course
2026-09-06 20:14:20 | INFO | Got text from element after ensuring it was fully loaded: //table[@id='product' and @name='courses']/tbody/tr[1]/th[2] -> Course
2026-09-06 20:14:20 | INFO | Page fully loaded after 1 attempts.
2026-09-06 20:14:20 | INFO | Element visible: //table[@id='product' and @name='courses']/tbody/tr[1]/th[3]
2026-09-06 20:14:20 | INFO | Mouse over on element: //table[@id='product' and @name='courses']/tbody/tr[1]/th[3]
2026-09-06 20:14:20 | INFO | Element visible: //table[@id='product' and @name='courses']/tbody/tr[1]/th[3]
2026-09-06 20:14:20 | INFO | Element visible: //table[@id='product' and @name='courses']/tbody/tr[1]/th[3]
2026-09-06 20:14:20 | INFO | Mouse over on element: //table[@id='product' and @name='courses']/tbody/tr[1]/th[3]
2026-09-06 20:14:20 | INFO | Got text for element: //table[@id='product' and @name='courses']/tbody/tr[1]/th[3] -> Price
2026-09-06 20:14:20 | INFO | Got text from element after ensuring it was fully loaded: //table[@id='product' and @name='courses']/tbody/tr[1]/th[3] -> Price
2026-09-06 20:14:20 | INFO | Created CSV file at path: ./first_playwright_code/test_data/csv_files/web_table_data_1788705860.csv with headers: ['Instructor', 'Course', 'Price']
2026-09-06 20:14:20 | INFO | Page fully loaded after 1 attempts.
2026-09-06 20:14:20 | INFO | Element visible: //table[@id='product' and @name='courses']/tbody/tr[2]/td[1]
2026-09-06 20:14:20 | INFO | Mouse over on element: //table[@id='product' and @name='courses']/tbody/tr[2]/td[1]
2026-09-06 20:14:20 | INFO | Element visible: //table[@id='product' and @name='courses']/tbody/tr[2]/td[1]
2026-09-06 20:14:20 | INFO | Element visible: //table[@id='product' and @name='courses']/tbody/tr[2]/td[1]
2026-09-06 20:14:20 | INFO | Mouse over on element: //table[@id='product' and @name='courses']/tbody/tr[2]/td[1]
2026-09-06 20:14:20 | INFO | Got text for element: //table[@id='product' and @name='courses']/tbody/tr[2]/td[1] -> Rahul Shetty
2026-09-06 20:14:20 | INFO | Got text from element after ensuring it was fully loaded: //table[@id='product' and @name='courses']/tbody/tr[2]/td[1] -> Rahul Shetty
2026-09-06 20:14:20 | INFO | Cell text at row 2, column 1: Rahul Shetty
2026-09-06 20:14:21 | INFO | Page fully loaded after 1 attempts.
2026-09-06 20:14:21 | INFO | Element visible: //table[@id='product' and @name='courses']/tbody/tr[2]/td[2]
2026-09-06 20:14:21 | INFO | Mouse over on element: //table[@id='product' and @name='courses']/tbody/tr[2]/td[2]
2026-09-06 20:14:21 | INFO | Element visible: //table[@id='product' and @name='courses']/tbody/tr[2]/td[2]
2026-09-06 20:14:21 | INFO | Element visible: //table[@id='product' and @name='courses']/tbody/tr[2]/td[2]
2026-09-06 20:14:22 | INFO | Mouse over on element: //table[@id='product' and @name='courses']/tbody/tr[2]/td[2]
2026-09-06 20:14:22 | INFO | Got text for element: //table[@id='product' and @name='courses']/tbody/tr[2]/td[2] -> Selenium Webdriver with Java Basics + Advanced + Interview Guide
2026-09-06 20:14:22 | INFO | Got text from element after ensuring it was fully loaded: //table[@id='product' and @name='courses']/tbody/tr[2]/td[2] -> Selenium Webdriver with Java Basics + Advanced + Interview Guide
2026-09-06 20:14:22 | INFO | Cell text at row 2, column 2: Selenium Webdriver with Java Basics + Advanced + Interview Guide
2026-09-06 20:14:23 | INFO | Page fully loaded after 1 attempts.
2026-09-06 20:14:23 | INFO | Element visible: //table[@id='product' and @name='courses']/tbody/tr[2]/td[3]
2026-09-06 20:14:23 | INFO | Mouse over on element: //table[@id='product' and @name='courses']/tbody/tr[2]/td[3]
2026-09-06 20:14:23 | INFO | Element visible: //table[@id='product' and @name='courses']/tbody/tr[2]/td[3]
2026-09-06 20:14:23 | INFO | Element visible: //table[@id='product' and @name='courses']/tbody/tr[2]/td[3]
2026-09-06 20:14:23 | INFO | Mouse over on element: //table[@id='product' and @name='courses']/tbody/tr[2]/td[3]
2026-09-06 20:14:23 | INFO | Got text for element: //table[@id='product' and @name='courses']/tbody/tr[2]/td[3] -> 30
2026-09-06 20:14:23 | INFO | Got text from element after ensuring it was fully loaded: //table[@id='product' and @name='courses']/tbody/tr[2]/td[3] -> 30
2026-09-06 20:14:23 | INFO | Cell text at row 2, column 3: 30
2026-09-06 20:14:24 | INFO | Page fully loaded after 1 attempts.
2026-09-06 20:14:24 | INFO | Element visible: //table[@id='product' and @name='courses']/tbody/tr[3]/td[1]
2026-09-06 20:14:24 | INFO | Mouse over on element: //table[@id='product' and @name='courses']/tbody/tr[3]/td[1]
2026-09-06 20:14:24 | INFO | Element visible: //table[@id='product' and @name='courses']/tbody/tr[3]/td[1]
2026-09-06 20:14:24 | INFO | Element visible: //table[@id='product' and @name='courses']/tbody/tr[3]/td[1]
2026-09-06 20:14:24 | INFO | Mouse over on element: //table[@id='product' and @name='courses']/tbody/tr[3]/td[1]
2026-09-06 20:14:24 | INFO | Got text for element: //table[@id='product' and @name='courses']/tbody/tr[3]/td[1] -> Rahul Shetty
2026-09-06 20:14:24 | INFO | Got text from element after ensuring it was fully loaded: //table[@id='product' and @name='courses']/tbody/tr[3]/td[1] -> Rahul Shetty
2026-09-06 20:14:24 | INFO | Cell text at row 3, column 1: Rahul Shetty
2026-09-06 20:14:25 | INFO | Page fully loaded after 1 attempts.
2026-09-06 20:14:25 | INFO | Element visible: //table[@id='product' and @name='courses']/tbody/tr[3]/td[2]
2026-09-06 20:14:25 | INFO | Mouse over on element: //table[@id='product' and @name='courses']/tbody/tr[3]/td[2]
2026-09-06 20:14:25 | INFO | Element visible: //table[@id='product' and @name='courses']/tbody/tr[3]/td[2]
2026-09-06 20:14:25 | INFO | Element visible: //table[@id='product' and @name='courses']/tbody/tr[3]/td[2]
2026-09-06 20:14:25 | INFO | Mouse over on element: //table[@id='product' and @name='courses']/tbody/tr[3]/td[2]
2026-09-06 20:14:25 | INFO | Got text for element: //table[@id='product' and @name='courses']/tbody/tr[3]/td[2] -> Learn SQL in Practical + Database Testing from Scratch
2026-09-06 20:14:25 | INFO | Got text from element after ensuring it was fully loaded: //table[@id='product' and @name='courses']/tbody/tr[3]/td[2] -> Learn SQL in Practical + Database Testing from Scratch
2026-09-06 20:14:25 | INFO | Cell text at row 3, column 2: Learn SQL in Practical + Database Testing from Scratch
2026-09-06 20:14:26 | INFO | Page fully loaded after 1 attempts.
2026-09-06 20:14:26 | INFO | Element visible: //table[@id='product' and @name='courses']/tbody/tr[3]/td[3]
2026-09-06 20:14:26 | INFO | Mouse over on element: //table[@id='product' and @name='courses']/tbody/tr[3]/td[3]
2026-09-06 20:14:26 | INFO | Element visible: //table[@id='product' and @name='courses']/tbody/tr[3]/td[3]
2026-09-06 20:14:26 | INFO | Element visible: //table[@id='product' and @name='courses']/tbody/tr[3]/td[3]
2026-09-06 20:14:26 | INFO | Mouse over on element: //table[@id='product' and @name='courses']/tbody/tr[3]/td[3]
2026-09-06 20:14:26 | INFO | Got text for element: //table[@id='product' and @name='courses']/tbody/tr[3]/td[3] -> 25
2026-09-06 20:14:26 | INFO | Got text from element after ensuring it was fully loaded: //table[@id='product' and @name='courses']/tbody/tr[3]/td[3] -> 25
2026-09-06 20:14:26 | INFO | Cell text at row 3, column 3: 25
2026-09-06 20:14:27 | INFO | Page fully loaded after 1 attempts.
2026-09-06 20:14:27 | INFO | Element visible: //table[@id='product' and @name='courses']/tbody/tr[4]/td[1]
2026-09-06 20:14:27 | INFO | Mouse over on element: //table[@id='product' and @name='courses']/tbody/tr[4]/td[1]
2026-09-06 20:14:27 | INFO | Element visible: //table[@id='product' and @name='courses']/tbody/tr[4]/td[1]
2026-09-06 20:14:27 | INFO | Element visible: //table[@id='product' and @name='courses']/tbody/tr[4]/td[1]
2026-09-06 20:14:27 | INFO | Mouse over on element: //table[@id='product' and @name='courses']/tbody/tr[4]/td[1]
2026-09-06 20:14:27 | INFO | Got text for element: //table[@id='product' and @name='courses']/tbody/tr[4]/td[1] -> Rahul Shetty
2026-09-06 20:14:27 | INFO | Got text from element after ensuring it was fully loaded: //table[@id='product' and @name='courses']/tbody/tr[4]/td[1] -> Rahul Shetty
2026-09-06 20:14:27 | INFO | Cell text at row 4, column 1: Rahul Shetty
2026-09-06 20:14:28 | INFO | Page fully loaded after 1 attempts.
2026-09-06 20:14:28 | INFO | Element visible: //table[@id='product' and @name='courses']/tbody/tr[4]/td[2]
2026-09-06 20:14:28 | INFO | Mouse over on element: //table[@id='product' and @name='courses']/tbody/tr[4]/td[2]
2026-09-06 20:14:28 | INFO | Element visible: //table[@id='product' and @name='courses']/tbody/tr[4]/td[2]
2026-09-06 20:14:28 | INFO | Element visible: //table[@id='product' and @name='courses']/tbody/tr[4]/td[2]
2026-09-06 20:14:28 | INFO | Mouse over on element: //table[@id='product' and @name='courses']/tbody/tr[4]/td[2]
2026-09-06 20:14:28 | INFO | Got text for element: //table[@id='product' and @name='courses']/tbody/tr[4]/td[2] -> Appium (Selenium) - Mobile Automation Testing from Scratch
2026-09-06 20:14:28 | INFO | Got text from element after ensuring it was fully loaded: //table[@id='product' and @name='courses']/tbody/tr[4]/td[2] -> Appium (Selenium) - Mobile Automation Testing from Scratch
2026-09-06 20:14:28 | INFO | Cell text at row 4, column 2: Appium (Selenium) - Mobile Automation Testing from Scratch
2026-09-06 20:14:29 | INFO | Page fully loaded after 1 attempts.
2026-09-06 20:14:29 | INFO | Element visible: //table[@id='product' and @name='courses']/tbody/tr[4]/td[3]
2026-09-06 20:14:29 | INFO | Mouse over on element: //table[@id='product' and @name='courses']/tbody/tr[4]/td[3]
2026-09-06 20:14:29 | INFO | Element visible: //table[@id='product' and @name='courses']/tbody/tr[4]/td[3]
2026-09-06 20:14:29 | INFO | Element visible: //table[@id='product' and @name='courses']/tbody/tr[4]/td[3]
2026-09-06 20:14:29 | INFO | Mouse over on element: //table[@id='product' and @name='courses']/tbody/tr[4]/td[3]
2026-09-06 20:14:29 | INFO | Got text for element: //table[@id='product' and @name='courses']/tbody/tr[4]/td[3] -> 30
2026-09-06 20:14:29 | INFO | Got text from element after ensuring it was fully loaded: //table[@id='product' and @name='courses']/tbody/tr[4]/td[3] -> 30
2026-09-06 20:14:29 | INFO | Cell text at row 4, column 3: 30
2026-09-06 20:14:30 | INFO | Page fully loaded after 1 attempts.
2026-09-06 20:14:30 | INFO | Element visible: //table[@id='product' and @name='courses']/tbody/tr[5]/td[1]
2026-09-06 20:14:30 | INFO | Mouse over on element: //table[@id='product' and @name='courses']/tbody/tr[5]/td[1]
2026-09-06 20:14:30 | INFO | Element visible: //table[@id='product' and @name='courses']/tbody/tr[5]/td[1]
2026-09-06 20:14:30 | INFO | Element visible: //table[@id='product' and @name='courses']/tbody/tr[5]/td[1]
2026-09-06 20:14:30 | INFO | Mouse over on element: //table[@id='product' and @name='courses']/tbody/tr[5]/td[1]
2026-09-06 20:14:30 | INFO | Got text for element: //table[@id='product' and @name='courses']/tbody/tr[5]/td[1] -> Rahul Shetty
2026-09-06 20:14:30 | INFO | Got text from element after ensuring it was fully loaded: //table[@id='product' and @name='courses']/tbody/tr[5]/td[1] -> Rahul Shetty
2026-09-06 20:14:30 | INFO | Cell text at row 5, column 1: Rahul Shetty
2026-09-06 20:14:31 | INFO | Page fully loaded after 1 attempts.
2026-09-06 20:14:31 | INFO | Element visible: //table[@id='product' and @name='courses']/tbody/tr[5]/td[2]
2026-09-06 20:14:31 | INFO | Mouse over on element: //table[@id='product' and @name='courses']/tbody/tr[5]/td[2]
2026-09-06 20:14:31 | INFO | Element visible: //table[@id='product' and @name='courses']/tbody/tr[5]/td[2]
2026-09-06 20:14:31 | INFO | Element visible: //table[@id='product' and @name='courses']/tbody/tr[5]/td[2]
2026-09-06 20:14:32 | INFO | Mouse over on element: //table[@id='product' and @name='courses']/tbody/tr[5]/td[2]
2026-09-06 20:14:32 | INFO | Got text for element: //table[@id='product' and @name='courses']/tbody/tr[5]/td[2] -> WebSecurity Testing for Beginners-QA knowledge to next level
2026-09-06 20:14:32 | INFO | Got text from element after ensuring it was fully loaded: //table[@id='product' and @name='courses']/tbody/tr[5]/td[2] -> WebSecurity Testing for Beginners-QA knowledge to next level
2026-09-06 20:14:32 | INFO | Cell text at row 5, column 2: WebSecurity Testing for Beginners-QA knowledge to next level
2026-09-06 20:14:33 | INFO | Page fully loaded after 1 attempts.
2026-09-06 20:14:33 | INFO | Element visible: //table[@id='product' and @name='courses']/tbody/tr[5]/td[3]
2026-09-06 20:14:33 | INFO | Mouse over on element: //table[@id='product' and @name='courses']/tbody/tr[5]/td[3]
2026-09-06 20:14:33 | INFO | Element visible: //table[@id='product' and @name='courses']/tbody/tr[5]/td[3]
2026-09-06 20:14:33 | INFO | Element visible: //table[@id='product' and @name='courses']/tbody/tr[5]/td[3]
2026-09-06 20:14:33 | INFO | Mouse over on element: //table[@id='product' and @name='courses']/tbody/tr[5]/td[3]
2026-09-06 20:14:33 | INFO | Got text for element: //table[@id='product' and @name='courses']/tbody/tr[5]/td[3] -> 20
2026-09-06 20:14:33 | INFO | Got text from element after ensuring it was fully loaded: //table[@id='product' and @name='courses']/tbody/tr[5]/td[3] -> 20
2026-09-06 20:14:33 | INFO | Cell text at row 5, column 3: 20
2026-09-06 20:14:34 | INFO | Page fully loaded after 1 attempts.
2026-09-06 20:14:34 | INFO | Element visible: //table[@id='product' and @name='courses']/tbody/tr[6]/td[1]
2026-09-06 20:14:34 | INFO | Mouse over on element: //table[@id='product' and @name='courses']/tbody/tr[6]/td[1]
2026-09-06 20:14:34 | INFO | Element visible: //table[@id='product' and @name='courses']/tbody/tr[6]/td[1]
2026-09-06 20:14:34 | INFO | Element visible: //table[@id='product' and @name='courses']/tbody/tr[6]/td[1]
2026-09-06 20:14:34 | INFO | Mouse over on element: //table[@id='product' and @name='courses']/tbody/tr[6]/td[1]
2026-09-06 20:14:34 | INFO | Got text for element: //table[@id='product' and @name='courses']/tbody/tr[6]/td[1] -> Rahul Shetty
2026-09-06 20:14:34 | INFO | Got text from element after ensuring it was fully loaded: //table[@id='product' and @name='courses']/tbody/tr[6]/td[1] -> Rahul Shetty
2026-09-06 20:14:34 | INFO | Cell text at row 6, column 1: Rahul Shetty
2026-09-06 20:14:35 | INFO | Page fully loaded after 1 attempts.
2026-09-06 20:14:35 | INFO | Element visible: //table[@id='product' and @name='courses']/tbody/tr[6]/td[2]
2026-09-06 20:14:35 | INFO | Mouse over on element: //table[@id='product' and @name='courses']/tbody/tr[6]/td[2]
2026-09-06 20:14:35 | INFO | Element visible: //table[@id='product' and @name='courses']/tbody/tr[6]/td[2]
2026-09-06 20:14:35 | INFO | Element visible: //table[@id='product' and @name='courses']/tbody/tr[6]/td[2]
2026-09-06 20:14:35 | INFO | Mouse over on element: //table[@id='product' and @name='courses']/tbody/tr[6]/td[2]
2026-09-06 20:14:35 | INFO | Got text for element: //table[@id='product' and @name='courses']/tbody/tr[6]/td[2] -> Learn JMETER from Scratch - (Performance + Load) Testing Tool
2026-09-06 20:14:35 | INFO | Got text from element after ensuring it was fully loaded: //table[@id='product' and @name='courses']/tbody/tr[6]/td[2] -> Learn JMETER from Scratch - (Performance + Load) Testing Tool
2026-09-06 20:14:35 | INFO | Cell text at row 6, column 2: Learn JMETER from Scratch - (Performance + Load) Testing Tool
2026-09-06 20:14:36 | INFO | Page fully loaded after 1 attempts.
2026-09-06 20:14:36 | INFO | Element visible: //table[@id='product' and @name='courses']/tbody/tr[6]/td[3]
2026-09-06 20:14:36 | INFO | Mouse over on element: //table[@id='product' and @name='courses']/tbody/tr[6]/td[3]
2026-09-06 20:14:36 | INFO | Element visible: //table[@id='product' and @name='courses']/tbody/tr[6]/td[3]
2026-09-06 20:14:36 | INFO | Element visible: //table[@id='product' and @name='courses']/tbody/tr[6]/td[3]
2026-09-06 20:14:36 | INFO | Mouse over on element: //table[@id='product' and @name='courses']/tbody/tr[6]/td[3]
2026-09-06 20:14:36 | INFO | Got text for element: //table[@id='product' and @name='courses']/tbody/tr[6]/td[3] -> 25
2026-09-06 20:14:36 | INFO | Got text from element after ensuring it was fully loaded: //table[@id='product' and @name='courses']/tbody/tr[6]/td[3] -> 25
2026-09-06 20:14:36 | INFO | Cell text at row 6, column 3: 25
2026-09-06 20:14:37 | INFO | Page fully loaded after 1 attempts.
2026-09-06 20:14:37 | INFO | Element visible: //table[@id='product' and @name='courses']/tbody/tr[7]/td[1]
2026-09-06 20:14:37 | INFO | Mouse over on element: //table[@id='product' and @name='courses']/tbody/tr[7]/td[1]
2026-09-06 20:14:37 | INFO | Element visible: //table[@id='product' and @name='courses']/tbody/tr[7]/td[1]
2026-09-06 20:14:37 | INFO | Element visible: //table[@id='product' and @name='courses']/tbody/tr[7]/td[1]
2026-09-06 20:14:37 | INFO | Mouse over on element: //table[@id='product' and @name='courses']/tbody/tr[7]/td[1]
2026-09-06 20:14:37 | INFO | Got text for element: //table[@id='product' and @name='courses']/tbody/tr[7]/td[1] -> Rahul Shetty
2026-09-06 20:14:37 | INFO | Got text from element after ensuring it was fully loaded: //table[@id='product' and @name='courses']/tbody/tr[7]/td[1] -> Rahul Shetty
2026-09-06 20:14:37 | INFO | Cell text at row 7, column 1: Rahul Shetty
2026-09-06 20:14:38 | INFO | Page fully loaded after 1 attempts.
2026-09-06 20:14:38 | INFO | Element visible: //table[@id='product' and @name='courses']/tbody/tr[7]/td[2]
2026-09-06 20:14:38 | INFO | Mouse over on element: //table[@id='product' and @name='courses']/tbody/tr[7]/td[2]
2026-09-06 20:14:38 | INFO | Element visible: //table[@id='product' and @name='courses']/tbody/tr[7]/td[2]
2026-09-06 20:14:38 | INFO | Element visible: //table[@id='product' and @name='courses']/tbody/tr[7]/td[2]
2026-09-06 20:14:38 | INFO | Mouse over on element: //table[@id='product' and @name='courses']/tbody/tr[7]/td[2]
2026-09-06 20:14:38 | INFO | Got text for element: //table[@id='product' and @name='courses']/tbody/tr[7]/td[2] -> WebServices / REST API Testing with SoapUI
2026-09-06 20:14:38 | INFO | Got text from element after ensuring it was fully loaded: //table[@id='product' and @name='courses']/tbody/tr[7]/td[2] -> WebServices / REST API Testing with SoapUI
2026-09-06 20:14:38 | INFO | Cell text at row 7, column 2: WebServices / REST API Testing with SoapUI
2026-09-06 20:14:39 | INFO | Page fully loaded after 1 attempts.
2026-09-06 20:14:39 | INFO | Element visible: //table[@id='product' and @name='courses']/tbody/tr[7]/td[3]
2026-09-06 20:14:39 | INFO | Mouse over on element: //table[@id='product' and @name='courses']/tbody/tr[7]/td[3]
2026-09-06 20:14:39 | INFO | Element visible: //table[@id='product' and @name='courses']/tbody/tr[7]/td[3]
2026-09-06 20:14:39 | INFO | Element visible: //table[@id='product' and @name='courses']/tbody/tr[7]/td[3]
2026-09-06 20:14:39 | INFO | Mouse over on element: //table[@id='product' and @name='courses']/tbody/tr[7]/td[3]
2026-09-06 20:14:39 | INFO | Got text for element: //table[@id='product' and @name='courses']/tbody/tr[7]/td[3] -> 35
2026-09-06 20:14:39 | INFO | Got text from element after ensuring it was fully loaded: //table[@id='product' and @name='courses']/tbody/tr[7]/td[3] -> 35
2026-09-06 20:14:39 | INFO | Cell text at row 7, column 3: 35
2026-09-06 20:14:40 | INFO | Page fully loaded after 1 attempts.
2026-09-06 20:14:40 | INFO | Element visible: //table[@id='product' and @name='courses']/tbody/tr[8]/td[1]
2026-09-06 20:14:40 | INFO | Mouse over on element: //table[@id='product' and @name='courses']/tbody/tr[8]/td[1]
2026-09-06 20:14:40 | INFO | Element visible: //table[@id='product' and @name='courses']/tbody/tr[8]/td[1]
2026-09-06 20:14:40 | INFO | Element visible: //table[@id='product' and @name='courses']/tbody/tr[8]/td[1]
2026-09-06 20:14:40 | INFO | Mouse over on element: //table[@id='product' and @name='courses']/tbody/tr[8]/td[1]
2026-09-06 20:14:40 | INFO | Got text for element: //table[@id='product' and @name='courses']/tbody/tr[8]/td[1] -> Rahul Shetty
2026-09-06 20:14:40 | INFO | Got text from element after ensuring it was fully loaded: //table[@id='product' and @name='courses']/tbody/tr[8]/td[1] -> Rahul Shetty
2026-09-06 20:14:40 | INFO | Cell text at row 8, column 1: Rahul Shetty
2026-09-06 20:14:41 | INFO | Page fully loaded after 1 attempts.
2026-09-06 20:14:41 | INFO | Element visible: //table[@id='product' and @name='courses']/tbody/tr[8]/td[2]
2026-09-06 20:14:41 | INFO | Mouse over on element: //table[@id='product' and @name='courses']/tbody/tr[8]/td[2]
2026-09-06 20:14:41 | INFO | Element visible: //table[@id='product' and @name='courses']/tbody/tr[8]/td[2]
2026-09-06 20:14:41 | INFO | Element visible: //table[@id='product' and @name='courses']/tbody/tr[8]/td[2]
2026-09-06 20:14:41 | INFO | Mouse over on element: //table[@id='product' and @name='courses']/tbody/tr[8]/td[2]
2026-09-06 20:14:41 | INFO | Got text for element: //table[@id='product' and @name='courses']/tbody/tr[8]/td[2] -> QA Expert Course :Software Testing + Bugzilla + SQL + Agile
2026-09-06 20:14:41 | INFO | Got text from element after ensuring it was fully loaded: //table[@id='product' and @name='courses']/tbody/tr[8]/td[2] -> QA Expert Course :Software Testing + Bugzilla + SQL + Agile
2026-09-06 20:14:41 | INFO | Cell text at row 8, column 2: QA Expert Course :Software Testing + Bugzilla + SQL + Agile
2026-09-06 20:14:42 | INFO | Page fully loaded after 1 attempts.
2026-09-06 20:14:42 | INFO | Element visible: //table[@id='product' and @name='courses']/tbody/tr[8]/td[3]
2026-09-06 20:14:43 | INFO | Mouse over on element: //table[@id='product' and @name='courses']/tbody/tr[8]/td[3]
2026-09-06 20:14:43 | INFO | Element visible: //table[@id='product' and @name='courses']/tbody/tr[8]/td[3]
2026-09-06 20:14:43 | INFO | Element visible: //table[@id='product' and @name='courses']/tbody/tr[8]/td[3]
2026-09-06 20:14:43 | INFO | Mouse over on element: //table[@id='product' and @name='courses']/tbody/tr[8]/td[3]
2026-09-06 20:14:43 | INFO | Got text for element: //table[@id='product' and @name='courses']/tbody/tr[8]/td[3] -> 25
2026-09-06 20:14:43 | INFO | Got text from element after ensuring it was fully loaded: //table[@id='product' and @name='courses']/tbody/tr[8]/td[3] -> 25
2026-09-06 20:14:43 | INFO | Cell text at row 8, column 3: 25
2026-09-06 20:14:44 | INFO | Page fully loaded after 1 attempts.
2026-09-06 20:14:44 | INFO | Element visible: //table[@id='product' and @name='courses']/tbody/tr[9]/td[1]
2026-09-06 20:14:44 | INFO | Mouse over on element: //table[@id='product' and @name='courses']/tbody/tr[9]/td[1]
2026-09-06 20:14:44 | INFO | Element visible: //table[@id='product' and @name='courses']/tbody/tr[9]/td[1]
2026-09-06 20:14:44 | INFO | Element visible: //table[@id='product' and @name='courses']/tbody/tr[9]/td[1]
2026-09-06 20:14:44 | INFO | Mouse over on element: //table[@id='product' and @name='courses']/tbody/tr[9]/td[1]
2026-09-06 20:14:44 | INFO | Got text for element: //table[@id='product' and @name='courses']/tbody/tr[9]/td[1] -> Rahul Shetty
2026-09-06 20:14:44 | INFO | Got text from element after ensuring it was fully loaded: //table[@id='product' and @name='courses']/tbody/tr[9]/td[1] -> Rahul Shetty
2026-09-06 20:14:44 | INFO | Cell text at row 9, column 1: Rahul Shetty
2026-09-06 20:14:45 | INFO | Page fully loaded after 1 attempts.
2026-09-06 20:14:45 | INFO | Element visible: //table[@id='product' and @name='courses']/tbody/tr[9]/td[2]
2026-09-06 20:14:45 | INFO | Mouse over on element: //table[@id='product' and @name='courses']/tbody/tr[9]/td[2]
2026-09-06 20:14:45 | INFO | Element visible: //table[@id='product' and @name='courses']/tbody/tr[9]/td[2]
2026-09-06 20:14:45 | INFO | Element visible: //table[@id='product' and @name='courses']/tbody/tr[9]/td[2]
2026-09-06 20:14:45 | INFO | Mouse over on element: //table[@id='product' and @name='courses']/tbody/tr[9]/td[2]
2026-09-06 20:14:45 | INFO | Got text for element: //table[@id='product' and @name='courses']/tbody/tr[9]/td[2] -> Master Selenium Automation in simple Python Language
2026-09-06 20:14:45 | INFO | Got text from element after ensuring it was fully loaded: //table[@id='product' and @name='courses']/tbody/tr[9]/td[2] -> Master Selenium Automation in simple Python Language
2026-09-06 20:14:45 | INFO | Cell text at row 9, column 2: Master Selenium Automation in simple Python Language
2026-09-06 20:14:46 | INFO | Page fully loaded after 1 attempts.
2026-09-06 20:14:46 | INFO | Element visible: //table[@id='product' and @name='courses']/tbody/tr[9]/td[3]
2026-09-06 20:14:46 | INFO | Mouse over on element: //table[@id='product' and @name='courses']/tbody/tr[9]/td[3]
2026-09-06 20:14:46 | INFO | Element visible: //table[@id='product' and @name='courses']/tbody/tr[9]/td[3]
2026-09-06 20:14:46 | INFO | Element visible: //table[@id='product' and @name='courses']/tbody/tr[9]/td[3]
2026-09-06 20:14:46 | INFO | Mouse over on element: //table[@id='product' and @name='courses']/tbody/tr[9]/td[3]
2026-09-06 20:14:46 | INFO | Got text for element: //table[@id='product' and @name='courses']/tbody/tr[9]/td[3] -> 25
2026-09-06 20:14:46 | INFO | Got text from element after ensuring it was fully loaded: //table[@id='product' and @name='courses']/tbody/tr[9]/td[3] -> 25
2026-09-06 20:14:46 | INFO | Cell text at row 9, column 3: 25
2026-09-06 20:14:47 | INFO | Page fully loaded after 1 attempts.
2026-09-06 20:14:47 | INFO | Element visible: //table[@id='product' and @name='courses']/tbody/tr[10]/td[1]
2026-09-06 20:14:47 | INFO | Mouse over on element: //table[@id='product' and @name='courses']/tbody/tr[10]/td[1]
2026-09-06 20:14:47 | INFO | Element visible: //table[@id='product' and @name='courses']/tbody/tr[10]/td[1]
2026-09-06 20:14:47 | INFO | Element visible: //table[@id='product' and @name='courses']/tbody/tr[10]/td[1]
2026-09-06 20:14:47 | INFO | Mouse over on element: //table[@id='product' and @name='courses']/tbody/tr[10]/td[1]
2026-09-06 20:14:47 | INFO | Got text for element: //table[@id='product' and @name='courses']/tbody/tr[10]/td[1] -> Rahul Shetty
2026-09-06 20:14:47 | INFO | Got text from element after ensuring it was fully loaded: //table[@id='product' and @name='courses']/tbody/tr[10]/td[1] -> Rahul Shetty
2026-09-06 20:14:47 | INFO | Cell text at row 10, column 1: Rahul Shetty
2026-09-06 20:14:48 | INFO | Page fully loaded after 1 attempts.
2026-09-06 20:14:48 | INFO | Element visible: //table[@id='product' and @name='courses']/tbody/tr[10]/td[2]
2026-09-06 20:14:48 | INFO | Mouse over on element: //table[@id='product' and @name='courses']/tbody/tr[10]/td[2]
2026-09-06 20:14:48 | INFO | Element visible: //table[@id='product' and @name='courses']/tbody/tr[10]/td[2]
2026-09-06 20:14:48 | INFO | Element visible: //table[@id='product' and @name='courses']/tbody/tr[10]/td[2]
2026-09-06 20:14:48 | INFO | Mouse over on element: //table[@id='product' and @name='courses']/tbody/tr[10]/td[2]
2026-09-06 20:14:48 | INFO | Got text for element: //table[@id='product' and @name='courses']/tbody/tr[10]/td[2] -> Advanced Selenium Framework Pageobject, TestNG, Maven, Jenkins,C
2026-09-06 20:14:48 | INFO | Got text from element after ensuring it was fully loaded: //table[@id='product' and @name='courses']/tbody/tr[10]/td[2] -> Advanced Selenium Framework Pageobject, TestNG, Maven, Jenkins,C
2026-09-06 20:14:48 | INFO | Cell text at row 10, column 2: Advanced Selenium Framework Pageobject, TestNG, Maven, Jenkins,C
2026-09-06 20:14:49 | INFO | Page fully loaded after 1 attempts.
2026-09-06 20:14:49 | INFO | Element visible: //table[@id='product' and @name='courses']/tbody/tr[10]/td[3]
2026-09-06 20:14:49 | INFO | Mouse over on element: //table[@id='product' and @name='courses']/tbody/tr[10]/td[3]
2026-09-06 20:14:49 | INFO | Element visible: //table[@id='product' and @name='courses']/tbody/tr[10]/td[3]
2026-09-06 20:14:49 | INFO | Element visible: //table[@id='product' and @name='courses']/tbody/tr[10]/td[3]
2026-09-06 20:14:49 | INFO | Mouse over on element: //table[@id='product' and @name='courses']/tbody/tr[10]/td[3]
2026-09-06 20:14:49 | INFO | Got text for element: //table[@id='product' and @name='courses']/tbody/tr[10]/td[3] -> 20
2026-09-06 20:14:49 | INFO | Got text from element after ensuring it was fully loaded: //table[@id='product' and @name='courses']/tbody/tr[10]/td[3] -> 20
2026-09-06 20:14:49 | INFO | Cell text at row 10, column 3: 20
2026-09-06 20:14:50 | INFO | Page fully loaded after 1 attempts.
2026-09-06 20:14:50 | INFO | Element visible: //table[@id='product' and @name='courses']/tbody/tr[11]/td[1]
2026-09-06 20:14:50 | INFO | Mouse over on element: //table[@id='product' and @name='courses']/tbody/tr[11]/td[1]
2026-09-06 20:14:50 | INFO | Element visible: //table[@id='product' and @name='courses']/tbody/tr[11]/td[1]
2026-09-06 20:14:50 | INFO | Element visible: //table[@id='product' and @name='courses']/tbody/tr[11]/td[1]
2026-09-06 20:14:50 | INFO | Mouse over on element: //table[@id='product' and @name='courses']/tbody/tr[11]/td[1]
2026-09-06 20:14:50 | INFO | Got text for element: //table[@id='product' and @name='courses']/tbody/tr[11]/td[1] -> Rahul Shetty
2026-09-06 20:14:50 | INFO | Got text from element after ensuring it was fully loaded: //table[@id='product' and @name='courses']/tbody/tr[11]/td[1] -> Rahul Shetty
2026-09-06 20:14:50 | INFO | Cell text at row 11, column 1: Rahul Shetty
2026-09-06 20:14:51 | INFO | Page fully loaded after 1 attempts.
2026-09-06 20:14:51 | INFO | Element visible: //table[@id='product' and @name='courses']/tbody/tr[11]/td[2]
2026-09-06 20:14:51 | INFO | Mouse over on element: //table[@id='product' and @name='courses']/tbody/tr[11]/td[2]
2026-09-06 20:14:51 | INFO | Element visible: //table[@id='product' and @name='courses']/tbody/tr[11]/td[2]
2026-09-06 20:14:51 | INFO | Element visible: //table[@id='product' and @name='courses']/tbody/tr[11]/td[2]
2026-09-06 20:14:51 | INFO | Mouse over on element: //table[@id='product' and @name='courses']/tbody/tr[11]/td[2]
2026-09-06 20:14:51 | INFO | Got text for element: //table[@id='product' and @name='courses']/tbody/tr[11]/td[2] -> Write effective QA Resume that will turn to interview call
2026-09-06 20:14:51 | INFO | Got text from element after ensuring it was fully loaded: //table[@id='product' and @name='courses']/tbody/tr[11]/td[2] -> Write effective QA Resume that will turn to interview call
2026-09-06 20:14:51 | INFO | Cell text at row 11, column 2: Write effective QA Resume that will turn to interview call
2026-09-06 20:14:52 | INFO | Page fully loaded after 1 attempts.
2026-09-06 20:14:52 | INFO | Element visible: //table[@id='product' and @name='courses']/tbody/tr[11]/td[3]
2026-09-06 20:14:52 | INFO | Mouse over on element: //table[@id='product' and @name='courses']/tbody/tr[11]/td[3]
2026-09-06 20:14:52 | INFO | Element visible: //table[@id='product' and @name='courses']/tbody/tr[11]/td[3]
2026-09-06 20:14:52 | INFO | Element visible: //table[@id='product' and @name='courses']/tbody/tr[11]/td[3]
2026-09-06 20:14:53 | INFO | Mouse over on element: //table[@id='product' and @name='courses']/tbody/tr[11]/td[3]
2026-09-06 20:14:53 | INFO | Got text for element: //table[@id='product' and @name='courses']/tbody/tr[11]/td[3] -> 0
2026-09-06 20:14:53 | INFO | Got text from element after ensuring it was fully loaded: //table[@id='product' and @name='courses']/tbody/tr[11]/td[3] -> 0
2026-09-06 20:14:53 | INFO | Cell text at row 11, column 3: 0
2026-09-06 20:14:54 | INFO | Verified file exists at download path: ./first_playwright_code/test_data/csv_files/web_table_data_1788705860.csv
2026-09-06 20:14:54 | INFO | Got element count for xpath: //table[@id='product']/thead/tr -> 1
2026-09-06 20:14:54 | INFO | Constructed CSV path: ./first_playwright_code/test_data/csv_files/web_table_fixed_header_data_1788705894.csv
2026-09-06 20:14:54 | INFO | Page fully loaded after 1 attempts.
2026-09-06 20:14:54 | INFO | Element visible: //table[@id='product']/thead/tr[1]/th[1]
2026-09-06 20:14:54 | INFO | Mouse over on element: //table[@id='product']/thead/tr[1]/th[1]
2026-09-06 20:14:54 | INFO | Element visible: //table[@id='product']/thead/tr[1]/th[1]
2026-09-06 20:14:54 | INFO | Element visible: //table[@id='product']/thead/tr[1]/th[1]
2026-09-06 20:14:54 | INFO | Mouse over on element: //table[@id='product']/thead/tr[1]/th[1]
2026-09-06 20:14:54 | INFO | Got text for element: //table[@id='product']/thead/tr[1]/th[1] -> Name
2026-09-06 20:14:54 | INFO | Got text from element after ensuring it was fully loaded: //table[@id='product']/thead/tr[1]/th[1] -> Name
2026-09-06 20:14:54 | INFO | Page fully loaded after 1 attempts.
2026-09-06 20:14:54 | INFO | Element visible: //table[@id='product']/thead/tr[1]/th[2]
2026-09-06 20:14:54 | INFO | Mouse over on element: //table[@id='product']/thead/tr[1]/th[2]
2026-09-06 20:14:54 | INFO | Element visible: //table[@id='product']/thead/tr[1]/th[2]
2026-09-06 20:14:54 | INFO | Element visible: //table[@id='product']/thead/tr[1]/th[2]
2026-09-06 20:14:54 | INFO | Mouse over on element: //table[@id='product']/thead/tr[1]/th[2]
2026-09-06 20:14:54 | INFO | Got text for element: //table[@id='product']/thead/tr[1]/th[2] -> Position
2026-09-06 20:14:54 | INFO | Got text from element after ensuring it was fully loaded: //table[@id='product']/thead/tr[1]/th[2] -> Position
2026-09-06 20:14:54 | INFO | Page fully loaded after 1 attempts.
2026-09-06 20:14:54 | INFO | Element visible: //table[@id='product']/thead/tr[1]/th[3]
2026-09-06 20:14:54 | INFO | Mouse over on element: //table[@id='product']/thead/tr[1]/th[3]
2026-09-06 20:14:54 | INFO | Element visible: //table[@id='product']/thead/tr[1]/th[3]
2026-09-06 20:14:54 | INFO | Element visible: //table[@id='product']/thead/tr[1]/th[3]
2026-09-06 20:14:54 | INFO | Mouse over on element: //table[@id='product']/thead/tr[1]/th[3]
2026-09-06 20:14:54 | INFO | Got text for element: //table[@id='product']/thead/tr[1]/th[3] -> City
2026-09-06 20:14:54 | INFO | Got text from element after ensuring it was fully loaded: //table[@id='product']/thead/tr[1]/th[3] -> City
2026-09-06 20:14:54 | INFO | Created CSV file at path: ./first_playwright_code/test_data/csv_files/web_table_fixed_header_data_1788705894.csv with headers: ['Name', 'Position', 'City']
2026-09-06 20:14:54 | INFO | Verified file exists at download path: ./first_playwright_code/test_data/csv_files/web_table_fixed_header_data_1788705894.csv
2026-09-06 20:15:04 | INFO | Closed the browser and cleared references.
2026-09-06 20:15:04 | INFO | Test run finished
